// Jest Snapshot v1, https://goo.gl/fbAQLP

exports[`creating a test test snapshot 1`] = `ShallowWrapper {}`;
