// Jest Snapshot v1, https://goo.gl/fbAQLP

exports[`Input atom snapshot tests renders text input [no errors] 1`] = `
<div
  className="m-search"
>
  <Input
    onChange={[Function]}
    placeholder="Search everything!!!"
    type="text"
  />
  <Button
    text="Fetch!"
  />
  <div />
</div>
`;
