// Jest Snapshot v1, https://goo.gl/fbAQLP

exports[`Button Atom tests Renders a simple button 1`] = `
<button
  className="a-button"
  type="button"
>
  Button
</button>
`;
